ONCVPSP  (Optimized Norm-Conservinng Vanderbilt PSeudopotential)
scalar-relativistic version 4.0.1 03/01/2019


While it is not required under the terms of the GNU GPL, it is
suggested that you cite D. R. Hamann, Phys. Rev. B 88, 085117 (2013)
in any publication utilizing these pseudopotentials.


# ATOM AND REFERENCE CONFIGURATION
# atsym  z   nc   nv     iexc    psfile
  Ti 22.00    3    4       3      psp8
#
#   n    l    f        energy (Ha)
    1    0    2.00    -1.7727738E+02
    2    0    2.00    -1.9458168E+01
    2    1    6.00    -1.6285695E+01
    3    0    2.00    -2.2576333E+00
    3    1    6.00    -1.4226043E+00
    3    2    2.00    -1.6985597E-01
    4    0    2.00    -1.6739171E-01
#
# PSEUDOPOTENTIAL AND OPTIMIZATION
# lmax
    2
#
#   l,   rc,      ep,       ncon, nbas, qcut
    0   1.35000   0.00000    4    8   8.60000
    1   1.30000   0.00000    4    8   9.00000
    2   1.65000   0.00000    4    8   9.00000
#
# LOCAL POTENTIAL
# lloc, lpopt,  rc(5),   dvloc0
    4    5   1.30000      0.00000
#
# VANDERBILT-KLEINMAN-BYLANDER PROJECTORs
# l, nproj, debl
    0    2   1.00000
    1    2   2.00000
    2    2   1.50000
#
# MODEL CORE CHARGE
# icmod, fcfact, rcfact
    3   3.00000   1.45000
#
# LOG DERIVATIVE ANALYSIS
# epsh1, epsh2, depsh
  -12.00   12.00    0.02
#
# OUTPUT GRID
# rlmax, drl
  6.0000  0.0100
#
# TEST CONFIGURATIONS
# ncnf
    0
# nvcnf
#   n    l    f


Reference configufation results
  iterations    25
  all-electron total energy (Ha)   -8.47265884D+02

Begin loop to  construct optimized pseudo wave functions
and semi-local pseudopoentials for all angular momenta

Calculating optimized projector #   1

 for l=   0

    Constraint consistency test
      pswf0 val/der aewf val/der     diff
        0.54724476    0.54724476    1.51D-12
       -1.13875343   -1.13875343    6.44D-15
        1.96437480    1.96437480   -1.39D-13
       -1.11333254   -1.11333254    3.20D-12

    Fraction of norm inside rc  0.825649
    Optimizing pswf for qcut=   8.60 a_B^-1,  ecut=  36.98 Ha
    q_infinity defining residual KE= 25.66  (E_inf=  329.2 Ha)
    Residual kinetic energy error=  8.38D-06 Ha

    Total kinetic energy consistency test
      Fourier integration compared to d^2/dr^2 integral
      Fourier  1.08970050  r-space=  1.08970052  ratio=  0.99999998
    Potential consistency test at r_c
    "vpsp"= -1.99962878  vae= -1.99963455  difference= -5.77D-06

    Energy error per electron        Cutoff
         Ha          eV             Ha
         0.01000     0.27211       20.89
         0.00100     0.02721       27.28
         0.00010     0.00272       32.14
         0.00001     0.00027       36.97

Calculating optimized projector #   2

 for l=   0

    Constraint consistency test
      pswf0 val/der aewf val/der     diff
        0.05487136    0.05487136    1.38D-13
        0.50146012    0.50146012    1.22D-15
       -0.94175498   -0.94175498    5.55D-16
        0.46319665    0.46319665   -1.12D-12
       -0.14775919   -0.14775919    8.33D-17

    Fraction of norm inside rc  0.034437
    Optimizing pswf for qcut=   8.60 a_B^-1,  ecut=  36.98 Ha
    q_infinity defining residual KE= 30.28  (E_inf=  458.4 Ha)
    Residual kinetic energy error=  2.36D-06 Ha

    Total kinetic energy consistency test
      Fourier integration compared to d^2/dr^2 integral
      Fourier  0.30481445  r-space=  0.30481491  ratio=  0.99999851
    Potential consistency test at r_c
    "vpsp"= -1.99963320  vae= -1.99963455  difference= -1.35D-06

    Energy error per electron        Cutoff
         Ha          eV             Ha
         0.01000     0.27211       13.16
         0.00100     0.02721       22.60
         0.00010     0.00272       29.26
         0.00001     0.00027       34.05

   Wellstate for l =  1  n =  4
     eigenvalue =   0.5774
     asymptotic potential =   1.0774
     half-point radius =  2.6566

Calculating optimized projector #   1

 for l=   1

    Constraint consistency test
      pswf0 val/der aewf val/der     diff
        0.62283720    0.62283720    6.12D-13
       -1.07877374   -1.07877374   -9.10D-15
        1.45475560    1.45475560    7.90D-14
        0.34259552    0.34259552    1.57D-12

    Fraction of norm inside rc  0.729266
    Optimizing pswf for qcut=   9.01 a_B^-1,  ecut=  40.59 Ha
    q_infinity defining residual KE= 28.88  (E_inf=  417.0 Ha)
    Residual kinetic energy error=  3.22D-06 Ha

    Total kinetic energy consistency test
      Fourier integration compared to d^2/dr^2 integral
      Fourier  2.40110900  r-space=  2.40110901  ratio=  1.00000000
    Potential consistency test at r_c
    "vpsp"= -2.16665810  vae= -2.16665810  difference= -2.43D-09

    Energy error per electron        Cutoff
         Ha          eV             Ha
         0.01000     0.27211       14.97
         0.00100     0.02721       19.19
         0.00010     0.00272       22.94
         0.00001     0.00027       35.77

Calculating optimized projector #   2

 for l=   1

    Constraint consistency test
      pswf0 val/der aewf val/der     diff
        0.02489640    0.02489640   -3.84D-13
        0.89673267    0.89673267   -2.12D-14
       -1.48037436   -1.48037436   -5.73D-13
       -0.41327181   -0.41327181   -5.13D-12
       -0.24973015   -0.24973015    8.33D-17

    Fraction of norm inside rc  0.103249
    Optimizing pswf for qcut=   9.01 a_B^-1,  ecut=  40.59 Ha
    q_infinity defining residual KE= 33.68  (E_inf=  567.2 Ha)
    Residual kinetic energy error=  3.64D-06 Ha

    Total kinetic energy consistency test
      Fourier integration compared to d^2/dr^2 integral
      Fourier  1.19763164  r-space=  1.19763164  ratio=  1.00000000
    Potential consistency test at r_c
    "vpsp"= -2.16665804  vae= -2.16665810  difference= -6.55D-08

    Energy error per electron        Cutoff
         Ha          eV             Ha
         0.01000     0.27211       13.60
         0.00100     0.02721       18.31
         0.00010     0.00272       22.39
         0.00001     0.00027       36.78

   Wellstate for l =  2  n =  5
     eigenvalue =   1.3301
     asymptotic potential =   1.8301
     half-point radius =  4.5847

Calculating optimized projector #   1

 for l=   2

    Constraint consistency test
      pswf0 val/der aewf val/der     diff
        0.37663814    0.37663814    5.47D-14
       -0.40228607   -0.40228607    6.22D-15
        0.48038067    0.48038067   -3.28D-14
       -0.55771484   -0.55771484    4.65D-13

    Fraction of norm inside rc  0.630816
